// Jest Snapshot v1, https://goo.gl/fbAQLP

exports[`Footer component should render correctly 1`] = `
<div
  class="footer_container"
  data-testid="footer-container"
>
  <span>
    Julia Kocik 2023
  </span>
</div>
`;
